// Jest Snapshot v1, https://goo.gl/fbAQLP

exports[`<Grid /> should render correctly 1`] = `
.c0 {
  display: grid;
  grid-template-columns: repeat(auto-fill,minmax(25rem,1fr));
  grid-gap: 3.2rem;
  margin: 3.2rem 0;
}

<div>
  <div
    class="c0"
  >
    Children
  </div>
</div>
`;
